2026-07-09 01:31:35.642 [main] INFO  o.s.t.c.s.AnnotationConfigContextLoaderUtils - Could not detect default configuration classes for test class [com.pict.journalApp.service.RedisTests]: RedisTests does not declare any static, non-private, non-final, nested classes annotated with @Configuration.
2026-07-09 01:31:35.773 [main] INFO  o.s.b.t.c.SpringBootTestContextBootstrapper - Found @SpringBootConfiguration com.pict.journalApp.JournalApplication for test class com.pict.journalApp.service.RedisTests
2026-07-09 01:31:35.967 [main] INFO  o.s.b.d.r.RestartApplicationListener - Restart disabled due to context in which it is running
2026-07-09 01:31:36.292 [main] INFO  c.pict.journalApp.service.RedisTests - Starting RedisTests using Java 25.0.2 with PID 2100 (started by Shreyas Chavan in C:\Users\Shreyas Chavan\Desktop\Coding, I guess\Java\journalApp)
2026-07-09 01:31:36.293 [main] INFO  c.pict.journalApp.service.RedisTests - No active profile set, falling back to 1 default profile: "default"
2026-07-09 01:31:36.996 [main] INFO  o.s.d.r.c.RepositoryConfigurationDelegate - Multiple Spring Data modules found, entering strict repository configuration mode
2026-07-09 01:31:36.997 [main] INFO  o.s.d.r.c.RepositoryConfigurationDelegate - Bootstrapping Spring Data JPA repositories in DEFAULT mode.
2026-07-09 01:31:37.124 [main] INFO  o.s.d.r.c.RepositoryConfigurationDelegate - Finished Spring Data repository scanning in 121 ms. Found 4 JPA repository interfaces.
2026-07-09 01:31:37.142 [main] INFO  o.s.d.r.c.RepositoryConfigurationDelegate - Multiple Spring Data modules found, entering strict repository configuration mode
2026-07-09 01:31:37.143 [main] INFO  o.s.d.r.c.RepositoryConfigurationDelegate - Bootstrapping Spring Data Redis repositories in DEFAULT mode.
2026-07-09 01:31:37.154 [main] INFO  o.s.d.r.c.RepositoryConfigurationExtensionSupport - Spring Data Redis - Could not safely identify store assignment for repository candidate interface com.pict.journalApp.repository.ConfigJournalAppRepository; If you want this repository to be a Redis repository, consider annotating your entities with one of these annotations: org.springframework.data.redis.core.RedisHash (preferred), or consider extending one of the following types with your repository: org.springframework.data.keyvalue.repository.KeyValueRepository
2026-07-09 01:31:37.155 [main] INFO  o.s.d.r.c.RepositoryConfigurationExtensionSupport - Spring Data Redis - Could not safely identify store assignment for repository candidate interface com.pict.journalApp.repository.JournalEntryRepository; If you want this repository to be a Redis repository, consider annotating your entities with one of these annotations: org.springframework.data.redis.core.RedisHash (preferred), or consider extending one of the following types with your repository: org.springframework.data.keyvalue.repository.KeyValueRepository
2026-07-09 01:31:37.155 [main] INFO  o.s.d.r.c.RepositoryConfigurationExtensionSupport - Spring Data Redis - Could not safely identify store assignment for repository candidate interface com.pict.journalApp.repository.UserRepository; If you want this repository to be a Redis repository, consider annotating your entities with one of these annotations: org.springframework.data.redis.core.RedisHash (preferred), or consider extending one of the following types with your repository: org.springframework.data.keyvalue.repository.KeyValueRepository
2026-07-09 01:31:37.155 [main] INFO  o.s.d.r.c.RepositoryConfigurationExtensionSupport - Spring Data Redis - Could not safely identify store assignment for repository candidate interface com.pict.journalApp.repository.UserRepositoryImpl; If you want this repository to be a Redis repository, consider annotating your entities with one of these annotations: org.springframework.data.redis.core.RedisHash (preferred), or consider extending one of the following types with your repository: org.springframework.data.keyvalue.repository.KeyValueRepository
2026-07-09 01:31:37.155 [main] INFO  o.s.d.r.c.RepositoryConfigurationDelegate - Finished Spring Data repository scanning in 5 ms. Found 0 Redis repository interfaces.
2026-07-09 01:31:37.690 [main] INFO  o.h.jpa.internal.util.LogHelper - HHH000204: Processing PersistenceUnitInfo [name: default]
2026-07-09 01:31:37.894 [main] INFO  org.hibernate.Version - HHH000412: Hibernate ORM core version 6.4.4.Final
2026-07-09 01:31:38.035 [main] INFO  o.h.c.i.RegionFactoryInitiator - HHH000026: Second-level cache disabled
2026-07-09 01:31:38.957 [main] INFO  o.s.o.j.p.SpringPersistenceUnitInfo - No LoadTimeWeaver setup: ignoring JPA class transformer
2026-07-09 01:31:39.070 [main] INFO  com.zaxxer.hikari.HikariDataSource - HikariPool-1 - Starting...
2026-07-09 01:31:40.024 [main] INFO  com.zaxxer.hikari.pool.HikariPool - HikariPool-1 - Added connection com.mysql.cj.jdbc.ConnectionImpl@731e0bff
2026-07-09 01:31:40.030 [main] INFO  com.zaxxer.hikari.HikariDataSource - HikariPool-1 - Start completed.
2026-07-09 01:31:40.170 [main] WARN  org.hibernate.orm.deprecation - HHH90000025: MySQLDialect does not need to be specified explicitly using 'hibernate.dialect' (remove the property setting and it will be selected by default)
2026-07-09 01:31:43.109 [main] INFO  o.h.e.t.j.p.i.JtaPlatformInitiator - HHH000489: No JTA platform available (set 'hibernate.transaction.jta.platform' to enable JTA platform integration)
2026-07-09 01:31:43.281 [main] INFO  o.s.o.j.LocalContainerEntityManagerFactoryBean - Initialized JPA EntityManagerFactory for persistence unit 'default'
2026-07-09 01:31:45.323 [main] INFO  o.s.d.j.r.query.QueryEnhancerFactory - Hibernate is in classpath; If applicable, HQL parser will be used.
2026-07-09 01:31:45.986 [main] WARN  o.s.b.a.o.j.JpaBaseConfiguration$JpaWebConfiguration - spring.jpa.open-in-view is enabled by default. Therefore, database queries may be performed during view rendering. Explicitly configure spring.jpa.open-in-view to disable this warning
2026-07-09 01:31:46.370 [main] INFO  o.s.s.web.DefaultSecurityFilterChain - Will secure any request with [org.springframework.security.web.session.DisableEncodeUrlFilter@7ff48cdc, org.springframework.security.web.context.request.async.WebAsyncManagerIntegrationFilter@7029653c, org.springframework.security.web.context.SecurityContextHolderFilter@68628510, org.springframework.security.web.header.HeaderWriterFilter@7f6e9e03, org.springframework.web.filter.CorsFilter@181cafd, org.springframework.security.web.authentication.logout.LogoutFilter@23faae85, org.springframework.security.web.authentication.www.BasicAuthenticationFilter@3077e4aa, org.springframework.security.web.savedrequest.RequestCacheAwareFilter@4def8aaa, org.springframework.security.web.servletapi.SecurityContextHolderAwareRequestFilter@43cc7bb7, org.springframework.security.web.authentication.AnonymousAuthenticationFilter@68f4c6e7, org.springframework.security.web.access.ExceptionTranslationFilter@34207fde, org.springframework.security.web.access.intercept.AuthorizationFilter@4758f533]
2026-07-09 01:31:46.708 [main] INFO  c.pict.journalApp.service.RedisTests - Started RedisTests in 10.767 seconds (process running for 12.003)
2026-07-09 01:31:47.403 [SpringApplicationShutdownHook] INFO  o.s.o.j.LocalContainerEntityManagerFactoryBean - Closing JPA EntityManagerFactory for persistence unit 'default'
2026-07-09 01:31:47.405 [SpringApplicationShutdownHook] INFO  com.zaxxer.hikari.HikariDataSource - HikariPool-1 - Shutdown initiated...
2026-07-09 01:31:47.411 [SpringApplicationShutdownHook] INFO  com.zaxxer.hikari.HikariDataSource - HikariPool-1 - Shutdown completed.
