2026-07-07 01:33:52.118 [restartedMain] INFO  c.pict.journalApp.JournalApplication - Starting JournalApplication using Java 25.0.2 with PID 15364 (C:\Users\Shreyas Chavan\Desktop\Coding, I guess\Java\journalApp\target\classes started by Shreyas Chavan in C:\Users\Shreyas Chavan\Desktop\Coding, I guess\Java\journalApp)
2026-07-07 01:33:52.126 [restartedMain] INFO  c.pict.journalApp.JournalApplication - No active profile set, falling back to 1 default profile: "default"
2026-07-07 01:33:52.169 [restartedMain] INFO  o.s.b.d.e.DevToolsPropertyDefaultsPostProcessor - Devtools property defaults active! Set 'spring.devtools.add-properties' to 'false' to disable
2026-07-07 01:33:52.173 [restartedMain] INFO  o.s.b.d.e.DevToolsPropertyDefaultsPostProcessor - For additional web related logging consider setting the 'logging.level.web' property to 'DEBUG'
2026-07-07 01:33:52.567 [restartedMain] INFO  o.s.d.r.c.RepositoryConfigurationDelegate - Bootstrapping Spring Data JPA repositories in DEFAULT mode.
2026-07-07 01:33:52.611 [restartedMain] INFO  o.s.d.r.c.RepositoryConfigurationDelegate - Finished Spring Data repository scanning in 38 ms. Found 4 JPA repository interfaces.
2026-07-07 01:33:52.972 [restartedMain] INFO  o.s.b.w.e.tomcat.TomcatWebServer - Tomcat initialized with port 8080 (http)
2026-07-07 01:33:52.982 [restartedMain] INFO  o.a.coyote.http11.Http11NioProtocol - Initializing ProtocolHandler ["http-nio-8080"]
2026-07-07 01:33:52.983 [restartedMain] INFO  o.a.catalina.core.StandardService - Starting service [Tomcat]
2026-07-07 01:33:52.983 [restartedMain] INFO  o.a.catalina.core.StandardEngine - Starting Servlet engine: [Apache Tomcat/10.1.20]
2026-07-07 01:33:53.013 [restartedMain] INFO  o.a.c.c.C.[Tomcat].[localhost].[/] - Initializing Spring embedded WebApplicationContext
2026-07-07 01:33:53.013 [restartedMain] INFO  o.s.b.w.s.c.ServletWebServerApplicationContext - Root WebApplicationContext: initialization completed in 840 ms
2026-07-07 01:33:53.120 [restartedMain] INFO  o.h.jpa.internal.util.LogHelper - HHH000204: Processing PersistenceUnitInfo [name: default]
2026-07-07 01:33:53.155 [restartedMain] INFO  org.hibernate.Version - HHH000412: Hibernate ORM core version 6.4.4.Final
2026-07-07 01:33:53.175 [restartedMain] INFO  o.h.c.i.RegionFactoryInitiator - HHH000026: Second-level cache disabled
2026-07-07 01:33:53.311 [restartedMain] INFO  o.s.o.j.p.SpringPersistenceUnitInfo - No LoadTimeWeaver setup: ignoring JPA class transformer
2026-07-07 01:33:53.326 [restartedMain] INFO  com.zaxxer.hikari.HikariDataSource - HikariPool-1 - Starting...
2026-07-07 01:33:53.556 [restartedMain] INFO  com.zaxxer.hikari.pool.HikariPool - HikariPool-1 - Added connection com.mysql.cj.jdbc.ConnectionImpl@294c2f63
2026-07-07 01:33:53.557 [restartedMain] INFO  com.zaxxer.hikari.HikariDataSource - HikariPool-1 - Start completed.
2026-07-07 01:33:53.589 [restartedMain] WARN  org.hibernate.orm.deprecation - HHH90000025: MySQLDialect does not need to be specified explicitly using 'hibernate.dialect' (remove the property setting and it will be selected by default)
2026-07-07 01:33:54.179 [restartedMain] INFO  o.h.e.t.j.p.i.JtaPlatformInitiator - HHH000489: No JTA platform available (set 'hibernate.transaction.jta.platform' to enable JTA platform integration)
2026-07-07 01:33:54.223 [restartedMain] INFO  o.s.o.j.LocalContainerEntityManagerFactoryBean - Initialized JPA EntityManagerFactory for persistence unit 'default'
2026-07-07 01:33:54.528 [restartedMain] INFO  o.s.d.j.r.query.QueryEnhancerFactory - Hibernate is in classpath; If applicable, HQL parser will be used.
2026-07-07 01:33:54.754 [restartedMain] WARN  o.s.b.a.o.j.JpaBaseConfiguration$JpaWebConfiguration - spring.jpa.open-in-view is enabled by default. Therefore, database queries may be performed during view rendering. Explicitly configure spring.jpa.open-in-view to disable this warning
2026-07-07 01:33:54.955 [restartedMain] INFO  o.s.s.web.DefaultSecurityFilterChain - Will secure any request with [org.springframework.security.web.session.DisableEncodeUrlFilter@668171b0, org.springframework.security.web.context.request.async.WebAsyncManagerIntegrationFilter@c050792, org.springframework.security.web.context.SecurityContextHolderFilter@49823d46, org.springframework.security.web.header.HeaderWriterFilter@390a75cf, org.springframework.web.filter.CorsFilter@2604c63f, org.springframework.security.web.authentication.logout.LogoutFilter@523963af, org.springframework.security.web.authentication.www.BasicAuthenticationFilter@7cda466, org.springframework.security.web.savedrequest.RequestCacheAwareFilter@197955fd, org.springframework.security.web.servletapi.SecurityContextHolderAwareRequestFilter@4b4f9724, org.springframework.security.web.authentication.AnonymousAuthenticationFilter@4704a831, org.springframework.security.web.access.ExceptionTranslationFilter@3565548e, org.springframework.security.web.access.intercept.AuthorizationFilter@668cc905]
2026-07-07 01:33:55.101 [restartedMain] INFO  o.s.b.d.a.OptionalLiveReloadServer - LiveReload server is running on port 35729
2026-07-07 01:33:55.109 [restartedMain] INFO  o.a.coyote.http11.Http11NioProtocol - Starting ProtocolHandler ["http-nio-8080"]
2026-07-07 01:33:55.123 [restartedMain] INFO  o.s.b.w.e.tomcat.TomcatWebServer - Tomcat started on port 8080 (http) with context path ''
2026-07-07 01:33:55.136 [restartedMain] INFO  c.pict.journalApp.JournalApplication - Started JournalApplication in 3.277 seconds (process running for 3.685)
