2026-07-09 01:29:34.545 [main] INFO  o.s.t.c.s.AnnotationConfigContextLoaderUtils - Could not detect default configuration classes for test class [com.pict.journalApp.service.RedisTests]: RedisTests does not declare any static, non-private, non-final, nested classes annotated with @Configuration.
2026-07-09 01:29:34.663 [main] INFO  o.s.b.t.c.SpringBootTestContextBootstrapper - Found @SpringBootConfiguration com.pict.journalApp.JournalApplication for test class com.pict.journalApp.service.RedisTests
2026-07-09 01:29:34.778 [main] INFO  o.s.b.d.r.RestartApplicationListener - Restart disabled due to context in which it is running
2026-07-09 01:29:35.001 [main] INFO  c.pict.journalApp.service.RedisTests - Starting RedisTests using Java 25.0.2 with PID 12872 (started by Shreyas Chavan in C:\Users\Shreyas Chavan\Desktop\Coding, I guess\Java\journalApp)
2026-07-09 01:29:35.002 [main] INFO  c.pict.journalApp.service.RedisTests - No active profile set, falling back to 1 default profile: "default"
2026-07-09 01:29:35.589 [main] INFO  o.s.d.r.c.RepositoryConfigurationDelegate - Multiple Spring Data modules found, entering strict repository configuration mode
2026-07-09 01:29:35.590 [main] INFO  o.s.d.r.c.RepositoryConfigurationDelegate - Bootstrapping Spring Data JPA repositories in DEFAULT mode.
2026-07-09 01:29:35.708 [main] INFO  o.s.d.r.c.RepositoryConfigurationDelegate - Finished Spring Data repository scanning in 111 ms. Found 4 JPA repository interfaces.
2026-07-09 01:29:35.721 [main] INFO  o.s.d.r.c.RepositoryConfigurationDelegate - Multiple Spring Data modules found, entering strict repository configuration mode
2026-07-09 01:29:35.722 [main] INFO  o.s.d.r.c.RepositoryConfigurationDelegate - Bootstrapping Spring Data Redis repositories in DEFAULT mode.
2026-07-09 01:29:35.732 [main] INFO  o.s.d.r.c.RepositoryConfigurationExtensionSupport - Spring Data Redis - Could not safely identify store assignment for repository candidate interface com.pict.journalApp.repository.ConfigJournalAppRepository; If you want this repository to be a Redis repository, consider annotating your entities with one of these annotations: org.springframework.data.redis.core.RedisHash (preferred), or consider extending one of the following types with your repository: org.springframework.data.keyvalue.repository.KeyValueRepository
2026-07-09 01:29:35.732 [main] INFO  o.s.d.r.c.RepositoryConfigurationExtensionSupport - Spring Data Redis - Could not safely identify store assignment for repository candidate interface com.pict.journalApp.repository.JournalEntryRepository; If you want this repository to be a Redis repository, consider annotating your entities with one of these annotations: org.springframework.data.redis.core.RedisHash (preferred), or consider extending one of the following types with your repository: org.springframework.data.keyvalue.repository.KeyValueRepository
2026-07-09 01:29:35.733 [main] INFO  o.s.d.r.c.RepositoryConfigurationExtensionSupport - Spring Data Redis - Could not safely identify store assignment for repository candidate interface com.pict.journalApp.repository.UserRepository; If you want this repository to be a Redis repository, consider annotating your entities with one of these annotations: org.springframework.data.redis.core.RedisHash (preferred), or consider extending one of the following types with your repository: org.springframework.data.keyvalue.repository.KeyValueRepository
2026-07-09 01:29:35.733 [main] INFO  o.s.d.r.c.RepositoryConfigurationExtensionSupport - Spring Data Redis - Could not safely identify store assignment for repository candidate interface com.pict.journalApp.repository.UserRepositoryImpl; If you want this repository to be a Redis repository, consider annotating your entities with one of these annotations: org.springframework.data.redis.core.RedisHash (preferred), or consider extending one of the following types with your repository: org.springframework.data.keyvalue.repository.KeyValueRepository
2026-07-09 01:29:35.733 [main] INFO  o.s.d.r.c.RepositoryConfigurationDelegate - Finished Spring Data repository scanning in 5 ms. Found 0 Redis repository interfaces.
2026-07-09 01:29:36.137 [main] INFO  o.h.jpa.internal.util.LogHelper - HHH000204: Processing PersistenceUnitInfo [name: default]
2026-07-09 01:29:36.180 [main] INFO  org.hibernate.Version - HHH000412: Hibernate ORM core version 6.4.4.Final
2026-07-09 01:29:36.205 [main] INFO  o.h.c.i.RegionFactoryInitiator - HHH000026: Second-level cache disabled
2026-07-09 01:29:36.419 [main] INFO  o.s.o.j.p.SpringPersistenceUnitInfo - No LoadTimeWeaver setup: ignoring JPA class transformer
2026-07-09 01:29:36.439 [main] INFO  com.zaxxer.hikari.HikariDataSource - HikariPool-1 - Starting...
2026-07-09 01:29:36.705 [main] INFO  com.zaxxer.hikari.pool.HikariPool - HikariPool-1 - Added connection com.mysql.cj.jdbc.ConnectionImpl@731e0bff
2026-07-09 01:29:36.707 [main] INFO  com.zaxxer.hikari.HikariDataSource - HikariPool-1 - Start completed.
2026-07-09 01:29:36.741 [main] WARN  org.hibernate.orm.deprecation - HHH90000025: MySQLDialect does not need to be specified explicitly using 'hibernate.dialect' (remove the property setting and it will be selected by default)
2026-07-09 01:29:37.463 [main] INFO  o.h.e.t.j.p.i.JtaPlatformInitiator - HHH000489: No JTA platform available (set 'hibernate.transaction.jta.platform' to enable JTA platform integration)
2026-07-09 01:29:37.522 [main] INFO  o.s.o.j.LocalContainerEntityManagerFactoryBean - Initialized JPA EntityManagerFactory for persistence unit 'default'
2026-07-09 01:29:37.950 [main] INFO  o.s.d.j.r.query.QueryEnhancerFactory - Hibernate is in classpath; If applicable, HQL parser will be used.
2026-07-09 01:29:38.461 [main] WARN  o.s.b.a.o.j.JpaBaseConfiguration$JpaWebConfiguration - spring.jpa.open-in-view is enabled by default. Therefore, database queries may be performed during view rendering. Explicitly configure spring.jpa.open-in-view to disable this warning
2026-07-09 01:29:38.788 [main] INFO  o.s.s.web.DefaultSecurityFilterChain - Will secure any request with [org.springframework.security.web.session.DisableEncodeUrlFilter@7029653c, org.springframework.security.web.context.request.async.WebAsyncManagerIntegrationFilter@181cafd, org.springframework.security.web.context.SecurityContextHolderFilter@63f79099, org.springframework.security.web.header.HeaderWriterFilter@20f1c8ed, org.springframework.web.filter.CorsFilter@68f4c6e7, org.springframework.security.web.authentication.logout.LogoutFilter@48f08e9, org.springframework.security.web.authentication.www.BasicAuthenticationFilter@3518882c, org.springframework.security.web.savedrequest.RequestCacheAwareFilter@43cc7bb7, org.springframework.security.web.servletapi.SecurityContextHolderAwareRequestFilter@3ffa3cdb, org.springframework.security.web.authentication.AnonymousAuthenticationFilter@33bd3549, org.springframework.security.web.access.ExceptionTranslationFilter@3b8ec458, org.springframework.security.web.access.intercept.AuthorizationFilter@12b4a53d]
2026-07-09 01:29:39.237 [main] INFO  c.pict.journalApp.service.RedisTests - Started RedisTests in 4.463 seconds (process running for 5.541)
2026-07-09 01:29:40.965 [SpringApplicationShutdownHook] INFO  o.s.o.j.LocalContainerEntityManagerFactoryBean - Closing JPA EntityManagerFactory for persistence unit 'default'
2026-07-09 01:29:40.974 [SpringApplicationShutdownHook] INFO  com.zaxxer.hikari.HikariDataSource - HikariPool-1 - Shutdown initiated...
2026-07-09 01:29:40.998 [SpringApplicationShutdownHook] INFO  com.zaxxer.hikari.HikariDataSource - HikariPool-1 - Shutdown completed.
